\BOOKMARK [1][-]{section.1}{ section section }{}% 1
\BOOKMARK [1][-]{section.2}{ section section section section section }{}% 2
\BOOKMARK [1][-]{section.3}{ section section section section section }{}% 3
\BOOKMARK [1][-]{section.4}{ section section section section section section }{}% 4
\BOOKMARK [1][-]{section.5}{ section section }{}% 5
\BOOKMARK [1][-]{appendix.A}{ section section section section }{}% 6
