\BOOKMARK [1][-]{section.1}{Introduction}{}% 1
\BOOKMARK [1][-]{section.2}{Metric vs Palatini: classical picture}{}% 2
\BOOKMARK [1][-]{section.3}{Metric vs Palatini: quantum corrections}{}% 3
\BOOKMARK [1][-]{section.4}{Connection of low- and high-energy physics}{}% 4
\BOOKMARK [1][-]{section.5}{Discussion}{}% 5
\BOOKMARK [1][-]{appendix.A}{Numerical lower bound on }{}% 6
